QUERY RESULT:
  name    balance   saving 
----------------------------
| Bob   | 500     | 999    | 
| Angus | 200     | 80     | 
| Angus | 200     | 80     | 
| Angus | 200     | 80     | 
----------------------------
