QUERY RESULT:
  item    size   count   price   quantity 
-------------------------------------------
| Box   | 100  | 2     | 100   | 2        | 
| Box   | 100  | 2     | 250   | 7        | 
| Tire  | 120  | 5     | 120   | 1        | 
| Table | 300  | 1     | 300   | 5        | 
-------------------------------------------
