QUERY RESULT:
  item    MAX(price)   AVG(price) 
-----------------------------------
| Box   | 250        | 175        | 
| Table | 300        | 300        | 
-----------------------------------
