QUERY RESULT:
  item   MIN(price) 
---------------------
| Box  | 100        | 
| Tire | 120        | 
---------------------
