QUERY RESULT:
  size   count 
----------------
| 100  | 2     | 
| 120  | 5     | 
| 300  | 1     | 
----------------
