QUERY RESULT:
  object   price 
------------------
| Box    | 250   | 
| Tire   | 120   | 
| Table  | 300   | 
------------------
