 code | population |   area   | gdp 
------+------------+----------+-----
 TOK  |       1499 |    12.00 |   2
 NU   |       1611 |   260.00 |  10
 HELX |       4577 |   391.00 |  18
 MNTS |       4922 |   102.00 |  29
 TUV  |      10507 |    26.00 |  38
 WF   |      11558 |   274.00 |  60
 NAU  |      11550 |    21.00 | 100
 FALK |       3398 | 12173.00 | 165
 AXA  |      13452 |   102.00 | 175
 CK   |      17459 |   240.00 | 183
 SPM  |       6008 |   242.00 | 215
 PAL  |      17501 |   458.00 | 221
(12 rows)
