 code |    area     |   gdp    
------+-------------+----------
 AUS  |  7692024.00 |  1488000
 BR   |  8511965.00 |  2190000
 USA  |  9372610.00 | 16720000
 CN   |  9596960.00 |  9330000
 CDN  |  9976140.00 |  1825000
 R    | 17075200.00 |  2113000
(6 rows)
