 code | area | population 
------+------+------------
(0 rows)
